# Same-stage tasks with different WMs get separate JOB blocks
WORKLOAD_MANAGER=workload_managers/palmaII-skylake-compact.sh tasks/build/containers/gcc WORKLOAD_MANAGER=workload_managers/palmaII-gpu4090.sh tasks/build/containers/plot
EXPECT_SUCCESS:
SKIP_VERIFY_DEF=false
---
JOB	0
STAGE	0
JOB_NAME	run_tasks
WORKLOAD_MANAGER	workload_managers/palmaII-skylake-compact.sh
DEPENDS	
0	assets	tasks/build/containers/gcc	WORKLOAD_MANAGER=workload_managers/palmaII-skylake-compact.sh
JOB	1
STAGE	0
JOB_NAME	run_tasks
WORKLOAD_MANAGER	workload_managers/palmaII-gpu4090.sh
DEPENDS	
0	assets	tasks/build/containers/plot	WORKLOAD_MANAGER=workload_managers/palmaII-gpu4090.sh
