# No tasks passed: run all tasks under tasks/

EXPECT_SUCCESS:
SKIP_VERIFY_DEF=false
---
JOB	0
STAGE	0
JOB_NAME	run_tasks
WORKLOAD_MANAGER	workload_managers/direct.sh
DEPENDS	
0	assets	tasks/build/containers/plot
1	assets	tasks/build/containers/gcc
JOB	1
STAGE	1
JOB_NAME	run_tasks
WORKLOAD_MANAGER	workload_managers/direct.sh
DEPENDS	0
0	assets	tasks/build/data
1	assets	tasks/build/optimized
2	assets	tasks/build/baseline
JOB	2
STAGE	2
JOB_NAME	run_tasks
WORKLOAD_MANAGER	workload_managers/direct.sh
DEPENDS	1
0	assets	tasks/experiment/MatMul/IS1/data
1	assets	tasks/experiment/MatMul/IS2/data
JOB	3
STAGE	3
JOB_NAME	run_tasks
WORKLOAD_MANAGER	workload_managers/direct.sh
DEPENDS	2
0	assets-run1	tasks/experiment/MatMul/IS1/optimized
1	assets-run1	tasks/experiment/MatMul/IS1/baseline
2	assets-run1	tasks/experiment/MatMul/IS2/optimized
3	assets-run1	tasks/experiment/MatMul/IS2/baseline
4	assets-run2	tasks/experiment/MatMul/IS1/optimized
5	assets-run2	tasks/experiment/MatMul/IS1/baseline
6	assets-run2	tasks/experiment/MatMul/IS2/optimized
7	assets-run2	tasks/experiment/MatMul/IS2/baseline
8	assets-run3	tasks/experiment/MatMul/IS1/optimized
9	assets-run3	tasks/experiment/MatMul/IS1/baseline
10	assets-run3	tasks/experiment/MatMul/IS2/optimized
11	assets-run3	tasks/experiment/MatMul/IS2/baseline
12	assets-run4	tasks/experiment/MatMul/IS1/optimized
13	assets-run4	tasks/experiment/MatMul/IS1/baseline
14	assets-run4	tasks/experiment/MatMul/IS2/optimized
15	assets-run4	tasks/experiment/MatMul/IS2/baseline
16	assets-run5	tasks/experiment/MatMul/IS1/optimized
17	assets-run5	tasks/experiment/MatMul/IS1/baseline
18	assets-run5	tasks/experiment/MatMul/IS2/optimized
19	assets-run5	tasks/experiment/MatMul/IS2/baseline
20	assets-run6	tasks/experiment/MatMul/IS1/optimized
21	assets-run6	tasks/experiment/MatMul/IS1/baseline
22	assets-run6	tasks/experiment/MatMul/IS2/optimized
23	assets-run6	tasks/experiment/MatMul/IS2/baseline
24	assets-run7	tasks/experiment/MatMul/IS1/optimized
25	assets-run7	tasks/experiment/MatMul/IS1/baseline
26	assets-run7	tasks/experiment/MatMul/IS2/optimized
27	assets-run7	tasks/experiment/MatMul/IS2/baseline
28	assets-run8	tasks/experiment/MatMul/IS1/optimized
29	assets-run8	tasks/experiment/MatMul/IS1/baseline
30	assets-run8	tasks/experiment/MatMul/IS2/optimized
31	assets-run8	tasks/experiment/MatMul/IS2/baseline
32	assets-run9	tasks/experiment/MatMul/IS1/optimized
33	assets-run9	tasks/experiment/MatMul/IS1/baseline
34	assets-run9	tasks/experiment/MatMul/IS2/optimized
35	assets-run9	tasks/experiment/MatMul/IS2/baseline
36	assets-run10	tasks/experiment/MatMul/IS1/optimized
37	assets-run10	tasks/experiment/MatMul/IS1/baseline
38	assets-run10	tasks/experiment/MatMul/IS2/optimized
39	assets-run10	tasks/experiment/MatMul/IS2/baseline
JOB	4
STAGE	4
JOB_NAME	run_tasks
WORKLOAD_MANAGER	workload_managers/direct.sh
DEPENDS	3
0	assets	tasks/plot
