# Parent directory: resolve_arg finds all descendant tasks; stages from deps
tasks/build
EXPECT_SUCCESS:
SKIP_VERIFY_DEF=false
---
JOB	0
DEPENDS	
0	assets	tasks/build/containers/plot
1	assets	tasks/build/containers/gcc
JOB	1
DEPENDS	0
0	assets	tasks/build/data
1	assets	tasks/build/optimized
2	assets	tasks/build/baseline
