# CLI :RUN_SPEC suffix wins over RUN_SPEC=other env override
RUN_SPEC=other --include-deps tasks/experiment/MatMul/IS1/baseline:run1
EXPECT_SUCCESS:
SKIP_VERIFY_DEF=false
---
JOB	0
STAGE	0
JOB_NAME	run_tasks
WORKLOAD_MANAGER	workload_managers/direct.sh
DEPENDS	
0	assets	tasks/build/containers/gcc
JOB	1
STAGE	1
JOB_NAME	run_tasks
WORKLOAD_MANAGER	workload_managers/direct.sh
DEPENDS	0
0	assets	tasks/build/baseline
1	assets	tasks/build/data
JOB	2
STAGE	2
JOB_NAME	run_tasks
WORKLOAD_MANAGER	workload_managers/direct.sh
DEPENDS	1
0	assets	tasks/experiment/MatMul/IS1/data
JOB	3
STAGE	3
JOB_NAME	run_tasks
WORKLOAD_MANAGER	workload_managers/direct.sh
DEPENDS	2
0	run1	tasks/experiment/MatMul/IS1/baseline	RUN_SPEC=run1
